// Jest Snapshot v1, https://goo.gl/fbAQLP

exports[`debe mostrar el componente correctamente debe mostrar <GitExpertApp /> corractamente 1`] = `
<Fragment>
  <h2>
    GitExpertApp
  </h2>
  <AddCategory
    setCategories={[Function]}
  />
  <hr />
  <ol>
    <GifGrid
      category="My Hero Academia"
      key="My Hero Academia"
    />
  </ol>
</Fragment>
`;
