// Jest Snapshot v1, https://goo.gl/fbAQLP

exports[`Pruebas en <AddCategory /> debe de mostrar <AddCategory /> correactamente 1`] = `
<Fragment>
  <h1 />
  <form
    onSubmit={[Function]}
  >
    <input
      onChange={[Function]}
      type="text"
      value=""
    />
  </form>
</Fragment>
`;
