// Jest Snapshot v1, https://goo.gl/fbAQLP

exports[`debe mostrar el componente correctamente debe mostrar <GitExpertApp /> corractamente 1`] = `
<div
  className="card animate__animated animate__fadeIn animate__delay-1s"
>
  <img
    alt="Un titulo"
    src="https://localhost/algo.jpg"
  />
  <p>
    Un titulo
  </p>
</div>
`;
